// Jest Snapshot v1, https://goo.gl/fbAQLP

exports[`<Header /> 1`] = `
.emotion-3 {
  color: #fff;
  background-color: #000;
  margin-bottom: 1.45rem;
}

.emotion-2 {
  margin: 0 auto;
  max-width: 35rem;
  padding: 1.45rem 1.0875rem;
}

@supports (padding:max(0px)) and (padding:env(safe-area-inset-top)) {
  .emotion-2 {
    padding-top: max(env(safe-area-inset-top),1.45rem);
    padding-left: max(env(safe-area-inset-left),1.0875rem);
    padding-right: max(env(safe-area-inset-right),1.0875rem);
  }
}

.emotion-1 {
  font-size: 1rem;
  font-weight: 700;
  margin: 0px;
  text-transform: lowercase;
}

.emotion-0 {
  color: #fff;
  -webkit-text-decoration: none;
  text-decoration: none;
}

<header
  className="emotion-3"
>
  <div
    className="emotion-2"
  >
    <h1
      className="emotion-1"
    >
      <a
        className="emotion-0"
        href="/"
        onClick={[Function]}
      >
        #!/Site Title
      </a>
    </h1>
  </div>
</header>
`;
