// Jest Snapshot v1, https://goo.gl/fbAQLP

exports[`<Links /> 1`] = `
.emotion-1 {
  color: currentColor;
  -webkit-text-decoration: underline;
  text-decoration: underline;
}

.emotion-1:hover {
  -webkit-text-decoration: none;
  text-decoration: none;
}

.emotion-0 {
  position: relative;
  margin-top: 1em;
  margin-bottom: 1em;
  margin-left: 1.5ch;
  font-size: 1rem;
  font-weight: 700;
}

.emotion-0::before {
  position: absolute;
  left: -1.5ch;
  content: ">";
  color: #c0c0c0;
}

.emotion-5 {
  list-style-type: none;
  padding: 0;
  margin-top: 1em;
  margin-bottom: 1em;
  margin-left: 1.5ch;
}

.emotion-2 {
  position: relative;
}

.emotion-2::before {
  content: "*";
  position: absolute;
  left: -1.5ch;
  color: #c0c0c0;
}

.emotion-2 > .emotion-5 {
  margin-top: 0;
  margin-bottom: 0;
}

<section>
  <h2
    className="emotion-0"
  >
    Links
  </h2>
  <ul
    className="emotion-5"
  >
    <li
      className="emotion-2"
    >
      <a
        className="emotion-1"
        href="https://github.com/simonkberg"
      >
        GitHub
      </a>
    </li>
    <li
      className="emotion-2"
    >
      <a
        className="emotion-1"
        href="https://linkedin.com/in/simonkjellberg"
      >
        LinkedIn
      </a>
    </li>
  </ul>
</section>
`;
