// Jest Snapshot v1, https://goo.gl/fbAQLP

exports[`emojiParser 1`] = `
"#️⃣
*️⃣
0️⃣
1️⃣
2️⃣
3️⃣
4️⃣
5️⃣
6️⃣
7️⃣
8️⃣
9️⃣
©️
®️
🀄
🃏
🅰️
🅱️
🅾️
🅿️
🆎
🆑
🆒
🆓
🆔
🆕
🆖
🆗
🆘
🆙
🆚
🇦🇨
🇦🇩
🇦🇪
🇦🇫
🇦🇬
🇦🇮
🇦🇱
🇦🇲
🇦🇴
🇦🇶
🇦🇷
🇦🇸
🇦🇹
🇦🇺
🇦🇼
🇦🇽
🇦🇿
🇧🇦
🇧🇧
🇧🇩
🇧🇪
🇧🇫
🇧🇬
🇧🇭
🇧🇮
🇧🇯
🇧🇱
🇧🇲
🇧🇳
🇧🇴
🇧🇶
🇧🇷
🇧🇸
🇧🇹
🇧🇻
🇧🇼
🇧🇾
🇧🇿
🇨🇦
🇨🇨
🇨🇩
🇨🇫
🇨🇬
🇨🇭
🇨🇮
🇨🇰
🇨🇱
🇨🇲
🇨🇳
🇨🇴
🇨🇵
🇨🇷
🇨🇺
🇨🇻
🇨🇼
🇨🇽
🇨🇾
🇨🇿
🇩🇪
🇩🇬
🇩🇯
🇩🇰
🇩🇲
🇩🇴
🇩🇿
🇪🇦
🇪🇨
🇪🇪
🇪🇬
🇪🇭
🇪🇷
🇪🇸
🇪🇹
🇪🇺
🇫🇮
🇫🇯
🇫🇰
🇫🇲
🇫🇴
🇫🇷
🇬🇦
🇬🇧
🇬🇩
🇬🇪
🇬🇫
🇬🇬
🇬🇭
🇬🇮
🇬🇱
🇬🇲
🇬🇳
🇬🇵
🇬🇶
🇬🇷
🇬🇸
🇬🇹
🇬🇺
🇬🇼
🇬🇾
🇭🇰
🇭🇲
🇭🇳
🇭🇷
🇭🇹
🇭🇺
🇮🇨
🇮🇩
🇮🇪
🇮🇱
🇮🇲
🇮🇳
🇮🇴
🇮🇶
🇮🇷
🇮🇸
🇮🇹
🇯🇪
🇯🇲
🇯🇴
🇯🇵
🇰🇪
🇰🇬
🇰🇭
🇰🇮
🇰🇲
🇰🇳
🇰🇵
🇰🇷
🇰🇼
🇰🇾
🇰🇿
🇱🇦
🇱🇧
🇱🇨
🇱🇮
🇱🇰
🇱🇷
🇱🇸
🇱🇹
🇱🇺
🇱🇻
🇱🇾
🇲🇦
🇲🇨
🇲🇩
🇲🇪
🇲🇫
🇲🇬
🇲🇭
🇲🇰
🇲🇱
🇲🇲
🇲🇳
🇲🇴
🇲🇵
🇲🇶
🇲🇷
🇲🇸
🇲🇹
🇲🇺
🇲🇻
🇲🇼
🇲🇽
🇲🇾
🇲🇿
🇳🇦
🇳🇨
🇳🇪
🇳🇫
🇳🇬
🇳🇮
🇳🇱
🇳🇴
🇳🇵
🇳🇷
🇳🇺
🇳🇿
🇴🇲
🇵🇦
🇵🇪
🇵🇫
🇵🇬
🇵🇭
🇵🇰
🇵🇱
🇵🇲
🇵🇳
🇵🇷
🇵🇸
🇵🇹
🇵🇼
🇵🇾
🇶🇦
🇷🇪
🇷🇴
🇷🇸
🇷🇺
🇷🇼
🇸🇦
🇸🇧
🇸🇨
🇸🇩
🇸🇪
🇸🇬
🇸🇭
🇸🇮
🇸🇯
🇸🇰
🇸🇱
🇸🇲
🇸🇳
🇸🇴
🇸🇷
🇸🇸
🇸🇹
🇸🇻
🇸🇽
🇸🇾
🇸🇿
🇹🇦
🇹🇨
🇹🇩
🇹🇫
🇹🇬
🇹🇭
🇹🇯
🇹🇰
🇹🇱
🇹🇲
🇹🇳
🇹🇴
🇹🇷
🇹🇹
🇹🇻
🇹🇼
🇹🇿
🇺🇦
🇺🇬
🇺🇲
🇺🇳
🇺🇸
🇺🇾
🇺🇿
🇻🇦
🇻🇨
🇻🇪
🇻🇬
🇻🇮
🇻🇳
🇻🇺
🇼🇫
🇼🇸
🇽🇰
🇾🇪
🇾🇹
🇿🇦
🇿🇲
🇿🇼
🈁
🈂️
🈚
🈯
🈲
🈳
🈴
🈵
🈶
🈷️
🈸
🈹
🈺
🉐
🉑
🌀
🌁
🌂
🌃
🌄
🌅
🌆
🌇
🌈
🌉
🌊
🌋
🌌
🌍
🌎
🌏
🌐
🌑
🌒
🌓
🌔
🌕
🌖
🌗
🌘
🌙
🌚
🌛
🌜
🌝
🌞
🌟
🌠
🌡️
🌤️
🌥️
🌦️
🌧️
🌨️
🌩️
🌪️
🌫️
🌬️
🌭
🌮
🌯
🌰
🌱
🌲
🌳
🌴
🌵
🌶️
🌷
🌸
🌹
🌺
🌻
🌼
🌽
🌾
🌿
🍀
🍁
🍂
🍃
🍄
🍅
🍆
🍇
🍈
🍉
🍊
🍋
🍌
🍍
🍎
🍏
🍐
🍑
🍒
🍓
🍔
🍕
🍖
🍗
🍘
🍙
🍚
🍛
🍜
🍝
🍞
🍟
🍠
🍡
🍢
🍣
🍤
🍥
🍦
🍧
🍨
🍩
🍪
🍫
🍬
🍭
🍮
🍯
🍰
🍱
🍲
🍳
🍴
🍵
🍶
🍷
🍸
🍹
🍺
🍻
🍼
🍽️
🍾
🍿
🎀
🎁
🎂
🎃
🎄
🎅
🎆
🎇
🎈
🎉
🎊
🎋
🎌
🎍
🎎
🎏
🎐
🎑
🎒
🎓
🎖️
🎗️
🎙️
🎚️
🎛️
🎞️
🎟️
🎠
🎡
🎢
🎣
🎤
🎥
🎦
🎧
🎨
🎩
🎪
🎫
🎬
🎭
🎮
🎯
🎰
🎱
🎲
🎳
🎴
🎵
🎶
🎷
🎸
🎹
🎺
🎻
🎼
🎽
🎾
🎿
🏀
🏁
🏂
🏃‍♀️
🏃‍♂️
🏃
🏄‍♀️
🏄‍♂️
🏄
🏅
🏆
🏇
🏈
🏉
🏊‍♀️
🏊‍♂️
🏊
🏋️‍♀️
🏋️‍♂️
🏋️
🏌️‍♀️
🏌️‍♂️
🏌️
🏍️
🏎️
🏏
🏐
🏑
🏒
🏓
🏔️
🏕️
🏖️
🏗️
🏘️
🏙️
🏚️
🏛️
🏜️
🏝️
🏞️
🏟️
🏠
🏡
🏢
🏣
🏤
🏥
🏦
🏧
🏨
🏩
🏪
🏫
🏬
🏭
🏮
🏯
🏰
🏳️‍🌈
🏳️‍⚧️
🏳️
🏴‍☠️
🏴󠁧󠁢󠁥󠁮󠁧󠁿
🏴󠁧󠁢󠁳󠁣󠁴󠁿
🏴󠁧󠁢󠁷󠁬󠁳󠁿
🏴
🏵️
🏷️
🏸
🏹
🏺
🏻
🏼
🏽
🏾
🏿
🐀
🐁
🐂
🐃
🐄
🐅
🐆
🐇
🐈‍⬛
🐈
🐉
🐊
🐋
🐌
🐍
🐎
🐏
🐐
🐑
🐒
🐓
🐔
🐕‍🦺
🐕
🐖
🐗
🐘
🐙
🐚
🐛
🐜
🐝
🪲
🐟
🐠
🐡
🐢
🐣
🐤
🐥
🐦
🐧
🐨
🐩
🐪
🐫
🐬
🐭
🐮
🐯
🐰
🐱
🐲
🐳
🐴
🐵
🐶
🐷
🐸
🐹
🐺
🐻‍❄️
🐻
🐼
🐽
🐾
🐿️
👀
👁️‍🗨️
👁️
👂
👃
👄
👅
👆
👇
👈
👉
👊
👋
👌
👍
👎
👏
👐
👑
👒
👓
👔
👕
👖
👗
👘
👙
👚
👛
👜
👝
👞
👟
👠
👡
👢
👣
👤
👥
👦
👧
👨‍🌾
👨‍🍳
👨‍🍼
👨‍🎓
👨‍🎤
👨‍🎨
👨‍🏫
👨‍🏭
👨‍👦‍👦
👨‍👦
👨‍👧‍👦
👨‍👧‍👧
👨‍👧
👨‍👨‍👦
👨‍👨‍👦‍👦
👨‍👨‍👧
👨‍👨‍👧‍👦
👨‍👨‍👧‍👧
👪
👨‍👩‍👦‍👦
👨‍👩‍👧
👨‍👩‍👧‍👦
👨‍👩‍👧‍👧
👨‍💻
👨‍💼
👨‍🔧
👨‍🔬
👨‍🚀
👨‍🚒
👨‍🦯
👨‍🦰
👨‍🦱
👨‍🦲
👨‍🦳
👨‍🦼
👨‍🦽
👨‍⚕️
👨‍⚖️
👨‍✈️
👨‍❤️‍👨
👨‍❤️‍💋‍👨
👨
👩‍🌾
👩‍🍳
👩‍🍼
👩‍🎓
👩‍🎤
👩‍🎨
👩‍🏫
👩‍🏭
👩‍👦‍👦
👩‍👦
👩‍👧‍👦
👩‍👧‍👧
👩‍👧
👩‍👩‍👦
👩‍👩‍👦‍👦
👩‍👩‍👧
👩‍👩‍👧‍👦
👩‍👩‍👧‍👧
👩‍💻
👩‍💼
👩‍🔧
👩‍🔬
👩‍🚀
👩‍🚒
👩‍🦯
👩‍🦰
👩‍🦱
👩‍🦲
👩‍🦳
👩‍🦼
👩‍🦽
👩‍⚕️
👩‍⚖️
👩‍✈️
👩‍❤️‍👨
👩‍❤️‍👩
👩‍❤️‍💋‍👨
👩‍❤️‍💋‍👩
👩
👪
👫
👬
👭
👮‍♀️
👮‍♂️
👮
👯‍♀️
👯‍♂️
👯
👰‍♀️
👰‍♂️
👰
👱‍♀️
👱‍♂️
👱
👲
👳‍♀️
👳‍♂️
👳
👴
👵
👶
👷‍♀️
👷‍♂️
👷
👸
👹
👺
👻
👼
👽
👾
👿
💀
💁‍♀️
💁‍♂️
💁
💂‍♀️
💂‍♂️
💂
💃
💄
💅
💆‍♀️
💆‍♂️
💆
💇‍♀️
💇‍♂️
💇
💈
💉
💊
💋
💌
💍
💎
💏
💐
💑
💒
💓
💔
💕
💖
💗
💘
💙
💚
💛
💜
💝
💞
💟
💠
💡
💢
💣
💤
💥
💦
💧
💨
💩
💪
💫
💬
💭
💮
💯
💰
💱
💲
💳
💴
💵
💶
💷
💸
💹
💺
💻
💼
💽
💾
💿
📀
📁
📂
📃
📄
📅
📆
📇
📈
📉
📊
📋
📌
📍
📎
📏
📐
📑
📒
📓
📔
📕
📖
📗
📘
📙
📚
📛
📜
📝
📞
📟
📠
📡
📢
📣
📤
📥
📦
📧
📨
📩
📪
📫
📬
📭
📮
📯
📰
📱
📲
📳
📴
📵
📶
📷
📸
📹
📺
📻
📼
📽️
📿
🔀
🔁
🔂
🔃
🔄
🔅
🔆
🔇
🔈
🔉
🔊
🔋
🔌
🔍
🔎
🔏
🔐
🔑
🔒
🔓
🔔
🔕
🔖
🔗
🔘
🔙
🔚
🔛
🔜
🔝
🔞
🔟
🔠
🔡
🔢
🔣
🔤
🔥
🔦
🔧
🔨
🔩
🔪
🔫
🔬
🔭
🔮
🔯
🔰
🔱
🔲
🔳
🔴
🔵
🔶
🔷
🔸
🔹
🔺
🔻
🔼
🔽
🕉️
🕊️
🕋
🕌
🕍
🕎
🕐
🕑
🕒
🕓
🕔
🕕
🕖
🕗
🕘
🕙
🕚
🕛
🕜
🕝
🕞
🕟
🕠
🕡
🕢
🕣
🕤
🕥
🕦
🕧
🕯️
🕰️
🕳️
🕴️
🕵️‍♀️
🕵️‍♂️
🕵️
🕶️
🕷️
🕸️
🕹️
🕺
🖇️
🖊️
🖋️
🖌️
🖍️
🖐️
🖕
🖖
🖤
🖥️
🖨️
🖱️
🖲️
🖼️
🗂️
🗃️
🗄️
🗑️
🗒️
🗓️
🗜️
🗝️
🗞️
🗡️
🗣️
🗨️
🗯️
🗳️
🗺️
🗻
🗼
🗽
🗾
🗿
😀
😁
😂
😃
😄
😅
😆
😇
😈
😉
😊
😋
😌
😍
😎
😏
😐
😑
😒
😓
😔
😕
😖
😗
😘
😙
😚
😛
😜
😝
😞
😟
😠
😡
😢
😣
😤
😥
😦
😧
😨
😩
😪
😫
😬
😭
😮
😯
😰
😱
😲
😳
😴
😵
😶
😷
😸
😹
😺
😻
😼
😽
😾
😿
🙀
🙁
🙂
🙃
🙄
🙅‍♀️
🙅‍♂️
🙅
🙆‍♀️
🙆‍♂️
🙆
🙇‍♀️
🙇‍♂️
🙇
🙈
🙉
🙊
🙋‍♀️
🙋‍♂️
🙋
🙌
🙍‍♀️
🙍‍♂️
🙍
🙎‍♀️
🙎‍♂️
🙎
🙏
🚀
🚁
🚂
🚃
🚄
🚅
🚆
🚇
🚈
🚉
🚊
🚋
🚌
🚍
🚎
🚏
🚐
🚑
🚒
🚓
🚔
🚕
🚖
🚗
🚘
🚙
🚚
🚛
🚜
🚝
🚞
🚟
🚠
🚡
🚢
🚣‍♀️
🚣‍♂️
🚣
🚤
🚥
🚦
🚧
🚨
🚩
🚪
🚫
🚬
🚭
🚮
🚯
🚰
🚱
🚲
🚳
🚴‍♀️
🚴‍♂️
🚴
🚵‍♀️
🚵‍♂️
🚵
🚶‍♀️
🚶‍♂️
🚶
🚷
🚸
🚹
🚺
🚻
🚼
🚽
🚾
🚿
🛀
🛁
🛂
🛃
🛄
🛅
🛋️
🛌
🛍️
🛎️
🛏️
🛐
🛑
🛒
🛕
🛖
🛗
🛠️
🛡️
🛢️
🛣️
🛤️
🛥️
🛩️
🛫
🛬
🛰️
🛳️
🛴
🛵
🛶
🛷
🛸
🛹
🛺
🛻
🛼
🟠
🟡
🟢
🟣
🟤
🟥
🟦
🟧
🟨
🟩
🟪
🟫
🤌
🤍
🤎
🤏
🤐
🤑
🤒
🤓
🤔
🤕
🤖
🤗
🤘
🤙
🤚
🤛
🤜
🤝
🤞
🤟
🤠
🤡
🤢
🤣
🤤
🤥
🤦‍♀️
🤦‍♂️
🤦
🤧
🤨
🤩
🤪
🤫
🤬
🤭
🤮
🤯
🤰
🤱
🤲
🤳
🤴
🤵‍♀️
🤵
🤶
🤷‍♀️
🤷‍♂️
🤷
🤸‍♀️
🤸‍♂️
🤸
🤹‍♀️
🤹‍♂️
🤹
🤺
🤼‍♀️
🤼‍♂️
🤼
🤽‍♀️
🤽‍♂️
🤽
🤾‍♀️
🤾‍♂️
🤾
🤿
🥀
🥁
🥂
🥃
🥄
🥅
🥇
🥈
🥉
🥊
🥋
🥌
🥍
🥎
🥏
🥐
🥑
🥒
🥓
🥔
🥕
🥖
🥗
🥘
🥙
🥚
🥛
🥜
🥝
🥞
🥟
🥠
🥡
🥢
🥣
🥤
🥥
🥦
🥧
🥨
🥩
🥪
🥫
🥬
🥭
🥮
🥯
🥰
🥱
🥲
🥳
🥴
🥵
🥶
🥷
🥸
🥺
🥻
🥼
🥽
🥾
🥿
🦀
🦁
🦂
🦃
🦄
🦅
🦆
🦇
🦈
🦉
🦊
🦋
🦌
🦍
🦎
🦏
🦐
🦑
🦒
🦓
🦔
🦕
🦖
🦗
🦘
🦙
🦚
🦛
🦜
🦝
🦞
🦟
🦠
🦡
🦢
🦣
🦤
🦥
🦦
🦧
🦨
🦩
🦪
🦫
🦬
🦭
🦮
🦯
🦴
🦵
🦶
🦷
🦸‍♀️
🦸‍♂️
🦸
🦹‍♀️
🦹‍♂️
🦹
🦺
🦻
🦼
🦽
🦾
🦿
🧀
🧁
🧂
🧃
🧄
🧅
🧆
🧇
🧈
🧉
🧊
🧋
🧍‍♀️
🧍‍♂️
🧍
🧎‍♀️
🧎‍♂️
🧎
🧏‍♀️
🧏‍♂️
🧏
🧐
🧑‍🌾
🧑‍🍳
🧑‍🍼
🧑‍🎄
🧑‍🎓
🧑‍🎤
🧑‍🎨
🧑‍🏫
🧑‍🏭
🧑‍💻
🧑‍💼
🧑‍🔧
🧑‍🔬
🧑‍🚀
🧑‍🚒
🧑‍🤝‍🧑
🧑‍🦯
🧑‍🦰
🧑‍🦱
🧑‍🦲
🧑‍🦳
🧑‍🦼
🧑‍🦽
🧑‍⚕️
🧑‍⚖️
🧑‍✈️
🧑
🧒
🧓
🧔
🧕
🧖‍♀️
🧖‍♂️
🧖
🧗‍♀️
🧗‍♂️
🧗
🧘‍♀️
🧘‍♂️
🧘
🧙‍♀️
🧙‍♂️
🧙
🧚‍♀️
🧚‍♂️
🧚
🧛‍♀️
🧛‍♂️
🧛
🧜‍♀️
🧜‍♂️
🧜
🧝‍♀️
🧝‍♂️
🧝
🧞‍♀️
🧞‍♂️
🧞
🧟‍♀️
🧟‍♂️
🧟
🧠
🧡
🧢
🧣
🧤
🧥
🧦
🧧
🧨
🧩
🧪
🧫
🧬
🧭
🧮
🧯
🧰
🧱
🧲
🧳
🧴
🧵
🧶
🧷
🧸
🧹
🧺
🧻
🧼
🧽
🧾
🧿
🩰
🩱
🩲
🩳
🩴
🩸
🩹
🩺
🪀
🪁
🪂
🪃
🪄
🪅
🪆
🪐
🪑
🪒
🪓
🪔
🪕
🪖
🪗
🪘
🪙
🪚
🪛
🪜
🪝
🪞
🪟
🪠
🪡
🪢
🪣
🪤
🪥
🪦
🪧
🪨
🪰
🪱
🪳
🪴
🪵
🪶
🫀
🫁
🫂
🫐
🫑
🫒
🫓
🫔
🫕
🫖
‼️
⁉️
™️
ℹ️
↔️
↕️
↖️
↗️
↘️
↙️
↩️
↪️
⌚
⌛
⌨️
⏏️
⏩
⏪
⏫
⏬
⏭️
⏮️
⏯️
⏰
⏱️
⏲️
⏳
⏸️
⏹️
⏺️
Ⓜ️
▪️
▫️
▶️
◀️
◻️
◼️
◽
◾
☀️
☁️
☂️
☃️
☄️
☎️
☑️
☔
☕
☘️
☝️
☠️
☢️
☣️
☦️
☪️
☮️
☯️
☸️
☹️
☺️
♀️
♂️
♈
♉
♊
♋
♌
♍
♎
♏
♐
♑
♒
♓
♟️
♠️
♣️
♥️
♦️
♨️
♻️
♾️
♿
⚒️
⚓
⚔️
⚕️
⚖️
⚗️
⚙️
⚛️
⚜️
⚠️
⚡
⚧️
⚪
⚫
⚰️
⚱️
⚽
⚾
⛄
⛅
⛈️
⛎
⛏️
⛑️
⛓️
⛔
⛩️
⛪
⛰️
⛱️
⛲
⛳
⛴️
⛵
⛷️
⛸️
⛹️‍♀️
⛹️‍♂️
⛹️
⛺
⛽
✂️
✅
✈️
✉️
✊
✋
✌️
✍️
✏️
✒️
✔️
✖️
✝️
✡️
✨
✳️
✴️
❄️
❇️
❌
❎
❓
❔
❕
❗
❣️
❤️
➕
➖
➗
➡️
➰
➿
⤴️
⤵️
⬅️
⬆️
⬇️
⬛
⬜
⭐
⭕
〰️
〽️
㊗️
㊙️
"
`;
